mode: set
dl-rl-btc-etl/internal/features/connors_rsi.go:38.49,43.2 1 1
dl-rl-btc-etl/internal/features/connors_rsi.go:46.57,53.2 1 1
dl-rl-btc-etl/internal/features/connors_rsi.go:56.52,60.18 2 1
dl-rl-btc-etl/internal/features/connors_rsi.go:60.18,63.3 2 1
dl-rl-btc-etl/internal/features/connors_rsi.go:66.2,67.27 2 1
dl-rl-btc-etl/internal/features/connors_rsi.go:67.27,69.3 1 1
dl-rl-btc-etl/internal/features/connors_rsi.go:72.2,82.18 5 1
dl-rl-btc-etl/internal/features/connors_rsi.go:86.53,91.13 4 1
dl-rl-btc-etl/internal/features/connors_rsi.go:91.13,93.3 1 1
dl-rl-btc-etl/internal/features/connors_rsi.go:93.8,95.3 1 1
dl-rl-btc-etl/internal/features/connors_rsi.go:97.2,97.21 1 1
dl-rl-btc-etl/internal/features/connors_rsi.go:97.21,100.3 2 1
dl-rl-btc-etl/internal/features/connors_rsi.go:100.8,104.3 2 1
dl-rl-btc-etl/internal/features/connors_rsi.go:108.2,108.25 1 1
dl-rl-btc-etl/internal/features/connors_rsi.go:108.25,109.26 1 1
dl-rl-btc-etl/internal/features/connors_rsi.go:109.26,111.4 1 1
dl-rl-btc-etl/internal/features/connors_rsi.go:112.3,112.13 1 1
dl-rl-btc-etl/internal/features/connors_rsi.go:115.2,116.25 2 1
dl-rl-btc-etl/internal/features/connors_rsi.go:120.61,125.21 3 1
dl-rl-btc-etl/internal/features/connors_rsi.go:125.21,127.3 1 1
dl-rl-btc-etl/internal/features/connors_rsi.go:130.2,131.27 2 1
dl-rl-btc-etl/internal/features/connors_rsi.go:131.27,132.14 1 1
dl-rl-btc-etl/internal/features/connors_rsi.go:132.14,134.4 1 1
dl-rl-btc-etl/internal/features/connors_rsi.go:139.2,139.58 1 1
dl-rl-btc-etl/internal/features/connors_rsi.go:143.40,145.2 1 1
dl-rl-btc-etl/internal/features/connors_rsi.go:148.38,150.2 1 1
dl-rl-btc-etl/internal/features/connors_rsi.go:153.30,161.2 7 1
dl-rl-btc-etl/internal/features/connors_rsi.go:176.46,187.2 1 1
dl-rl-btc-etl/internal/features/connors_rsi.go:190.55,199.2 8 1
dl-rl-btc-etl/internal/features/generator.go:32.45,51.2 1 1
dl-rl-btc-etl/internal/features/generator.go:55.54,116.2 40 1
dl-rl-btc-etl/internal/features/generator.go:119.37,121.2 1 0
dl-rl-btc-etl/internal/features/generator.go:124.35,126.2 1 1
dl-rl-btc-etl/internal/features/generator.go:129.29,135.2 5 1
dl-rl-btc-etl/internal/features/generator.go:147.44,155.2 1 1
dl-rl-btc-etl/internal/features/generator.go:158.53,164.2 5 1
dl-rl-btc-etl/internal/features/generator.go:167.45,190.2 1 0
dl-rl-btc-etl/internal/features/generator.go:202.86,219.2 10 1
dl-rl-btc-etl/internal/features/l1.go:26.18,28.2 1 1
dl-rl-btc-etl/internal/features/l1.go:32.47,44.24 6 1
dl-rl-btc-etl/internal/features/l1.go:44.24,46.3 1 1
dl-rl-btc-etl/internal/features/l1.go:47.2,55.22 4 1
dl-rl-btc-etl/internal/features/l1.go:55.22,57.3 1 1
dl-rl-btc-etl/internal/features/l1.go:58.2,66.27 4 1
dl-rl-btc-etl/internal/features/l1.go:66.27,68.3 1 1
dl-rl-btc-etl/internal/features/l1.go:69.2,75.21 3 1
dl-rl-btc-etl/internal/features/l1.go:75.21,77.3 1 1
dl-rl-btc-etl/internal/features/l1.go:78.2,85.10 3 1
dl-rl-btc-etl/internal/features/l1.go:89.38,100.2 1 0
dl-rl-btc-etl/internal/features/models.go:86.29,104.2 1 1
dl-rl-btc-etl/internal/features/momentum.go:25.45,32.2 1 1
dl-rl-btc-etl/internal/features/momentum.go:53.51,61.2 1 1
dl-rl-btc-etl/internal/features/momentum.go:66.69,84.2 7 1
dl-rl-btc-etl/internal/features/momentum.go:87.55,89.2 1 1
dl-rl-btc-etl/internal/features/momentum.go:93.36,95.2 1 1
dl-rl-btc-etl/internal/features/momentum.go:98.28,106.2 7 1
dl-rl-btc-etl/internal/features/momentum.go:119.42,128.2 1 1
dl-rl-btc-etl/internal/features/momentum.go:131.51,138.2 6 1
dl-rl-btc-etl/internal/features/regime.go:31.41,39.2 1 1
dl-rl-btc-etl/internal/features/regime.go:78.42,83.2 1 1
dl-rl-btc-etl/internal/features/regime.go:85.70,87.13 2 1
dl-rl-btc-etl/internal/features/regime.go:87.13,89.3 1 1
dl-rl-btc-etl/internal/features/regime.go:91.2,94.24 3 1
dl-rl-btc-etl/internal/features/regime.go:94.24,96.3 1 1
dl-rl-btc-etl/internal/features/regime.go:98.2,98.21 1 1
dl-rl-btc-etl/internal/features/regime.go:101.36,103.2 1 1
dl-rl-btc-etl/internal/features/regime.go:105.41,106.24 1 1
dl-rl-btc-etl/internal/features/regime.go:106.24,108.3 1 1
dl-rl-btc-etl/internal/features/regime.go:109.2,109.15 1 1
dl-rl-btc-etl/internal/features/regime.go:112.30,115.24 3 1
dl-rl-btc-etl/internal/features/regime.go:115.24,117.3 1 1
dl-rl-btc-etl/internal/features/regime.go:121.45,131.2 1 1
dl-rl-btc-etl/internal/features/regime.go:134.54,146.19 6 1
dl-rl-btc-etl/internal/features/regime.go:146.19,148.3 1 1
dl-rl-btc-etl/internal/features/regime.go:149.2,149.16 1 1
dl-rl-btc-etl/internal/features/regime.go:149.16,151.3 1 1
dl-rl-btc-etl/internal/features/regime.go:152.2,152.20 1 1
dl-rl-btc-etl/internal/features/regime.go:152.20,154.3 1 1
dl-rl-btc-etl/internal/features/regime.go:155.2,155.21 1 1
dl-rl-btc-etl/internal/features/regime.go:155.21,157.3 1 1
dl-rl-btc-etl/internal/features/regime.go:159.2,167.13 5 1
dl-rl-btc-etl/internal/features/regime.go:167.13,169.3 1 1
dl-rl-btc-etl/internal/features/regime.go:170.2,174.11 3 1
dl-rl-btc-etl/internal/features/regime.go:174.11,177.17 2 1
dl-rl-btc-etl/internal/features/regime.go:177.17,179.4 1 1
dl-rl-btc-etl/internal/features/regime.go:180.3,180.47 1 1
dl-rl-btc-etl/internal/features/regime.go:184.2,185.27 2 1
dl-rl-btc-etl/internal/features/regime.go:185.27,187.3 1 1
dl-rl-btc-etl/internal/features/regime.go:188.2,195.31 4 1
dl-rl-btc-etl/internal/features/regime.go:195.31,198.3 2 1
dl-rl-btc-etl/internal/features/regime.go:201.2,201.37 1 1
dl-rl-btc-etl/internal/features/regime.go:201.37,203.3 1 1
dl-rl-btc-etl/internal/features/regime.go:208.2,209.34 2 1
dl-rl-btc-etl/internal/features/regime.go:209.34,211.3 1 1
dl-rl-btc-etl/internal/features/regime.go:212.2,213.30 2 1
dl-rl-btc-etl/internal/features/regime.go:213.30,215.3 1 1
dl-rl-btc-etl/internal/features/regime.go:218.2,226.18 6 1
dl-rl-btc-etl/internal/features/regime.go:230.57,231.22 1 1
dl-rl-btc-etl/internal/features/regime.go:231.22,233.3 1 0
dl-rl-btc-etl/internal/features/regime.go:236.2,237.28 2 1
dl-rl-btc-etl/internal/features/regime.go:237.28,238.17 1 1
dl-rl-btc-etl/internal/features/regime.go:238.17,240.4 1 1
dl-rl-btc-etl/internal/features/regime.go:241.3,241.17 1 1
dl-rl-btc-etl/internal/features/regime.go:241.17,243.4 1 1
dl-rl-btc-etl/internal/features/regime.go:247.2,248.24 2 1
dl-rl-btc-etl/internal/features/regime.go:248.24,250.3 1 1
dl-rl-btc-etl/internal/features/regime.go:253.2,256.28 3 1
dl-rl-btc-etl/internal/features/regime.go:256.28,258.37 2 1
dl-rl-btc-etl/internal/features/regime.go:258.37,260.4 1 1
dl-rl-btc-etl/internal/features/regime.go:261.3,261.17 1 1
dl-rl-btc-etl/internal/features/regime.go:261.17,263.4 1 0
dl-rl-btc-etl/internal/features/regime.go:264.3,264.17 1 1
dl-rl-btc-etl/internal/features/regime.go:268.2,270.29 3 1
dl-rl-btc-etl/internal/features/regime.go:270.29,271.16 1 1
dl-rl-btc-etl/internal/features/regime.go:271.16,274.4 2 1
dl-rl-btc-etl/internal/features/regime.go:278.2,279.20 2 1
dl-rl-btc-etl/internal/features/regime.go:279.20,281.3 1 1
dl-rl-btc-etl/internal/features/regime.go:283.2,283.16 1 1
dl-rl-btc-etl/internal/features/regime.go:287.39,288.21 1 1
dl-rl-btc-etl/internal/features/regime.go:288.21,290.3 1 0
dl-rl-btc-etl/internal/features/regime.go:293.2,294.27 2 1
dl-rl-btc-etl/internal/features/regime.go:294.27,296.3 1 1
dl-rl-btc-etl/internal/features/regime.go:297.2,301.27 3 1
dl-rl-btc-etl/internal/features/regime.go:301.27,304.3 2 1
dl-rl-btc-etl/internal/features/regime.go:306.2,307.28 2 1
dl-rl-btc-etl/internal/features/regime.go:311.51,313.2 1 1
dl-rl-btc-etl/internal/features/regime.go:316.34,318.2 1 1
dl-rl-btc-etl/internal/features/regime.go:321.26,333.2 11 1
dl-rl-btc-etl/internal/features/regime.go:360.38,383.2 1 1
dl-rl-btc-etl/internal/features/regime.go:386.47,407.2 16 1
dl-rl-btc-etl/internal/features/stationarity.go:24.53,30.2 1 1
dl-rl-btc-etl/internal/features/stationarity.go:52.63,62.2 2 1
dl-rl-btc-etl/internal/features/stationarity.go:67.61,71.6 3 1
dl-rl-btc-etl/internal/features/stationarity.go:71.6,74.30 2 1
dl-rl-btc-etl/internal/features/stationarity.go:74.30,75.9 1 1
dl-rl-btc-etl/internal/features/stationarity.go:77.3,81.16 3 1
dl-rl-btc-etl/internal/features/stationarity.go:81.16,82.9 1 0
dl-rl-btc-etl/internal/features/stationarity.go:86.2,86.16 1 1
dl-rl-btc-etl/internal/features/stationarity.go:90.66,94.27 2 1
dl-rl-btc-etl/internal/features/stationarity.go:94.27,96.3 1 1
dl-rl-btc-etl/internal/features/stationarity.go:96.8,98.3 1 1
dl-rl-btc-etl/internal/features/stationarity.go:99.2,103.21 3 1
dl-rl-btc-etl/internal/features/stationarity.go:103.21,105.3 1 1
dl-rl-btc-etl/internal/features/stationarity.go:106.2,113.54 3 1
dl-rl-btc-etl/internal/features/stationarity.go:113.54,115.3 1 1
dl-rl-btc-etl/internal/features/stationarity.go:115.8,115.39 1 1
dl-rl-btc-etl/internal/features/stationarity.go:115.39,118.3 1 1
dl-rl-btc-etl/internal/features/stationarity.go:123.2,127.18 4 1
dl-rl-btc-etl/internal/features/stationarity.go:131.50,136.20 4 1
dl-rl-btc-etl/internal/features/stationarity.go:136.20,138.3 1 0
dl-rl-btc-etl/internal/features/stationarity.go:140.2,144.34 2 1
dl-rl-btc-etl/internal/features/stationarity.go:144.34,149.3 2 1
dl-rl-btc-etl/internal/features/stationarity.go:151.2,151.15 1 1
dl-rl-btc-etl/internal/features/stationarity.go:155.57,159.12 3 1
dl-rl-btc-etl/internal/features/stationarity.go:159.12,161.3 1 0
dl-rl-btc-etl/internal/features/stationarity.go:163.2,166.34 3 1
dl-rl-btc-etl/internal/features/stationarity.go:166.34,169.14 2 1
dl-rl-btc-etl/internal/features/stationarity.go:169.14,171.4 1 0
dl-rl-btc-etl/internal/features/stationarity.go:172.3,172.24 1 1
dl-rl-btc-etl/internal/features/stationarity.go:172.24,174.4 1 1
dl-rl-btc-etl/internal/features/stationarity.go:177.2,177.15 1 1
dl-rl-btc-etl/internal/features/stationarity.go:181.63,183.2 1 1
dl-rl-btc-etl/internal/features/stationarity.go:186.40,189.2 1 1
dl-rl-btc-etl/internal/features/stationarity.go:192.32,198.2 5 1
dl-rl-btc-etl/internal/features/stationarity.go:211.50,220.2 1 1
dl-rl-btc-etl/internal/features/stationarity.go:223.59,230.2 6 1
dl-rl-btc-etl/internal/features/stationarity.go:233.24,234.11 1 1
dl-rl-btc-etl/internal/features/stationarity.go:234.11,236.3 1 1
dl-rl-btc-etl/internal/features/stationarity.go:237.2,237.10 1 0
dl-rl-btc-etl/internal/features/normalizer/ewm.go:37.48,38.19 1 1
dl-rl-btc-etl/internal/features/normalizer/ewm.go:38.19,40.3 1 1
dl-rl-btc-etl/internal/features/normalizer/ewm.go:41.2,42.27 2 1
dl-rl-btc-etl/internal/features/normalizer/ewm.go:51.40,52.14 1 1
dl-rl-btc-etl/internal/features/normalizer/ewm.go:52.14,54.3 1 0
dl-rl-btc-etl/internal/features/normalizer/ewm.go:55.2,56.27 2 1
dl-rl-btc-etl/internal/features/normalizer/ewm.go:61.42,62.16 1 0
dl-rl-btc-etl/internal/features/normalizer/ewm.go:62.16,64.3 1 0
dl-rl-btc-etl/internal/features/normalizer/ewm.go:65.2,65.15 1 0
dl-rl-btc-etl/internal/features/normalizer/ewm.go:65.15,67.3 1 0
dl-rl-btc-etl/internal/features/normalizer/ewm.go:68.2,68.27 1 0
dl-rl-btc-etl/internal/features/normalizer/ewm.go:73.45,76.18 2 1
dl-rl-btc-etl/internal/features/normalizer/ewm.go:76.18,81.3 3 1
dl-rl-btc-etl/internal/features/normalizer/ewm.go:84.2,93.24 4 1
dl-rl-btc-etl/internal/features/normalizer/ewm.go:99.45,101.17 2 1
dl-rl-btc-etl/internal/features/normalizer/ewm.go:101.17,103.3 1 1
dl-rl-btc-etl/internal/features/normalizer/ewm.go:104.2,105.23 2 1
dl-rl-btc-etl/internal/features/normalizer/ewm.go:113.34,116.2 2 1
dl-rl-btc-etl/internal/features/normalizer/ewm.go:119.31,121.2 1 1
dl-rl-btc-etl/internal/features/normalizer/ewm.go:124.30,126.2 1 1
dl-rl-btc-etl/internal/features/normalizer/ewm.go:129.29,131.2 1 1
dl-rl-btc-etl/internal/features/normalizer/ewm.go:134.29,135.16 1 1
dl-rl-btc-etl/internal/features/normalizer/ewm.go:135.16,137.3 1 0
dl-rl-btc-etl/internal/features/normalizer/ewm.go:138.2,138.26 1 1
dl-rl-btc-etl/internal/features/normalizer/ewm.go:142.29,144.2 1 1
dl-rl-btc-etl/internal/features/normalizer/ewm.go:148.31,150.21 2 1
dl-rl-btc-etl/internal/features/normalizer/ewm.go:150.21,152.3 1 0
dl-rl-btc-etl/internal/features/normalizer/ewm.go:153.2,153.30 1 1
dl-rl-btc-etl/internal/features/normalizer/ewm.go:157.23,161.2 3 1
dl-rl-btc-etl/internal/features/normalizer/ewm.go:164.32,171.2 1 1
dl-rl-btc-etl/internal/features/normalizer/ewm.go:174.41,179.2 4 1
dl-rl-btc-etl/internal/features/normalizer/kahan.go:23.30,25.2 1 1
dl-rl-btc-etl/internal/features/normalizer/kahan.go:28.39,40.2 4 1
dl-rl-btc-etl/internal/features/normalizer/kahan.go:43.39,45.2 1 1
dl-rl-btc-etl/internal/features/normalizer/kahan.go:48.36,50.2 1 1
dl-rl-btc-etl/internal/features/normalizer/kahan.go:53.41,56.2 2 1
dl-rl-btc-etl/internal/features/normalizer/kahan.go:59.28,62.2 2 1
dl-rl-btc-etl/internal/features/normalizer/rolling.go:42.38,44.2 1 1
dl-rl-btc-etl/internal/features/normalizer/rolling.go:48.78,49.16 1 1
dl-rl-btc-etl/internal/features/normalizer/rolling.go:49.16,51.3 1 1
dl-rl-btc-etl/internal/features/normalizer/rolling.go:52.2,52.26 1 1
dl-rl-btc-etl/internal/features/normalizer/rolling.go:52.26,54.3 1 0
dl-rl-btc-etl/internal/features/normalizer/rolling.go:56.2,62.3 1 1
dl-rl-btc-etl/internal/features/normalizer/rolling.go:67.49,71.41 2 1
dl-rl-btc-etl/internal/features/normalizer/rolling.go:71.41,73.3 1 1
dl-rl-btc-etl/internal/features/normalizer/rolling.go:76.2,76.25 1 1
dl-rl-btc-etl/internal/features/normalizer/rolling.go:76.25,80.3 3 1
dl-rl-btc-etl/internal/features/normalizer/rolling.go:80.8,82.3 1 1
dl-rl-btc-etl/internal/features/normalizer/rolling.go:85.2,92.24 5 1
dl-rl-btc-etl/internal/features/normalizer/rolling.go:97.33,101.31 3 1
dl-rl-btc-etl/internal/features/normalizer/rolling.go:101.31,105.3 3 1
dl-rl-btc-etl/internal/features/normalizer/rolling.go:107.2,108.22 2 1
dl-rl-btc-etl/internal/features/normalizer/rolling.go:112.49,113.17 1 1
dl-rl-btc-etl/internal/features/normalizer/rolling.go:113.17,115.3 1 1
dl-rl-btc-etl/internal/features/normalizer/rolling.go:117.2,118.17 2 1
dl-rl-btc-etl/internal/features/normalizer/rolling.go:118.17,120.3 1 1
dl-rl-btc-etl/internal/features/normalizer/rolling.go:122.2,122.33 1 1
dl-rl-btc-etl/internal/features/normalizer/rolling.go:126.49,128.2 1 1
dl-rl-btc-etl/internal/features/normalizer/rolling.go:131.32,133.2 1 1
dl-rl-btc-etl/internal/features/normalizer/rolling.go:136.31,138.2 1 1
dl-rl-btc-etl/internal/features/normalizer/rolling.go:141.34,142.18 1 1
dl-rl-btc-etl/internal/features/normalizer/rolling.go:142.18,144.3 1 1
dl-rl-btc-etl/internal/features/normalizer/rolling.go:145.2,145.41 1 1
dl-rl-btc-etl/internal/features/normalizer/rolling.go:149.38,150.17 1 1
dl-rl-btc-etl/internal/features/normalizer/rolling.go:150.17,152.3 1 1
dl-rl-btc-etl/internal/features/normalizer/rolling.go:154.2,162.18 4 1
dl-rl-btc-etl/internal/features/normalizer/rolling.go:162.18,164.3 1 1
dl-rl-btc-etl/internal/features/normalizer/rolling.go:167.2,167.31 1 1
dl-rl-btc-etl/internal/features/normalizer/rolling.go:171.48,172.17 1 0
dl-rl-btc-etl/internal/features/normalizer/rolling.go:172.17,174.3 1 0
dl-rl-btc-etl/internal/features/normalizer/rolling.go:176.2,180.18 4 0
dl-rl-btc-etl/internal/features/normalizer/rolling.go:180.18,182.3 1 0
dl-rl-btc-etl/internal/features/normalizer/rolling.go:184.2,184.17 1 0
dl-rl-btc-etl/internal/features/normalizer/rolling.go:188.33,190.2 1 1
dl-rl-btc-etl/internal/features/normalizer/rolling.go:193.35,195.2 1 1
dl-rl-btc-etl/internal/features/normalizer/rolling.go:199.40,202.31 2 1
dl-rl-btc-etl/internal/features/normalizer/rolling.go:202.31,204.3 1 1
dl-rl-btc-etl/internal/features/normalizer/rolling.go:206.2,206.42 1 1
dl-rl-btc-etl/internal/features/normalizer/rolling.go:210.39,212.2 1 1
dl-rl-btc-etl/internal/features/normalizer/rolling.go:215.27,224.26 7 1
dl-rl-btc-etl/internal/features/normalizer/rolling.go:224.26,226.3 1 1
dl-rl-btc-etl/internal/features/normalizer/rolling.go:230.40,245.2 3 1
dl-rl-btc-etl/internal/features/normalizer/rolling.go:248.49,250.35 1 1
dl-rl-btc-etl/internal/features/normalizer/rolling.go:250.35,252.3 1 0
dl-rl-btc-etl/internal/features/normalizer/rolling.go:253.2,261.28 8 1
dl-rl-btc-etl/internal/features/normalizer/welford.go:31.28,35.2 1 1
dl-rl-btc-etl/internal/features/normalizer/welford.go:39.58,40.20 1 1
dl-rl-btc-etl/internal/features/normalizer/welford.go:40.20,42.3 1 0
dl-rl-btc-etl/internal/features/normalizer/welford.go:43.2,45.3 1 1
dl-rl-btc-etl/internal/features/normalizer/welford.go:50.41,69.2 11 1
dl-rl-btc-etl/internal/features/normalizer/welford.go:73.55,76.2 2 1
dl-rl-btc-etl/internal/features/normalizer/welford.go:79.33,81.2 1 1
dl-rl-btc-etl/internal/features/normalizer/welford.go:84.34,86.2 1 1
dl-rl-btc-etl/internal/features/normalizer/welford.go:90.38,91.17 1 1
dl-rl-btc-etl/internal/features/normalizer/welford.go:91.17,93.3 1 1
dl-rl-btc-etl/internal/features/normalizer/welford.go:94.2,94.34 1 1
dl-rl-btc-etl/internal/features/normalizer/welford.go:99.48,100.17 1 0
dl-rl-btc-etl/internal/features/normalizer/welford.go:100.17,102.3 1 0
dl-rl-btc-etl/internal/features/normalizer/welford.go:103.2,103.32 1 0
dl-rl-btc-etl/internal/features/normalizer/welford.go:107.33,109.2 1 1
dl-rl-btc-etl/internal/features/normalizer/welford.go:115.38,116.17 1 0
dl-rl-btc-etl/internal/features/normalizer/welford.go:116.17,118.3 1 0
dl-rl-btc-etl/internal/features/normalizer/welford.go:119.2,119.18 1 0
dl-rl-btc-etl/internal/features/normalizer/welford.go:119.18,121.3 1 0
dl-rl-btc-etl/internal/features/normalizer/welford.go:122.2,124.81 2 0
dl-rl-btc-etl/internal/features/normalizer/welford.go:131.38,132.17 1 0
dl-rl-btc-etl/internal/features/normalizer/welford.go:132.17,134.3 1 0
dl-rl-btc-etl/internal/features/normalizer/welford.go:135.2,135.18 1 0
dl-rl-btc-etl/internal/features/normalizer/welford.go:135.18,137.3 1 0
dl-rl-btc-etl/internal/features/normalizer/welford.go:138.2,141.21 3 0
dl-rl-btc-etl/internal/features/normalizer/welford.go:146.49,148.17 2 1
dl-rl-btc-etl/internal/features/normalizer/welford.go:148.17,150.3 1 1
dl-rl-btc-etl/internal/features/normalizer/welford.go:151.2,151.31 1 1
dl-rl-btc-etl/internal/features/normalizer/welford.go:156.35,158.2 1 1
dl-rl-btc-etl/internal/features/normalizer/welford.go:161.27,167.2 5 1
dl-rl-btc-etl/internal/features/normalizer/welford.go:170.40,179.2 1 0
dl-rl-btc-etl/internal/features/normalizer/welford.go:182.49,189.2 6 0
